---
http_interactions:
- request:
    method: get
    uri: https://api.contentful.com/spaces/ip17s12q0ek4
    body:
      encoding: US-ASCII
      string: ''
    headers:
      User-Agent:
      - RubyContentfulManagementGem/0.5.0
      Authorization:
      - Bearer <ACCESS_TOKEN>
      Content-Type:
      - application/vnd.contentful.management.v1+json
      Content-Length:
      - '0'
      Host:
      - api.contentful.com
  response:
    status:
      code: 200
      message: OK
    headers:
      Accept-Ranges:
      - bytes
      Access-Control-Allow-Headers:
      - Accept,Accept-Language,Authorization,Cache-Control,Content-Length,Content-Range,Content-Type,DNT,Destination,Expires,If-Match,If-Modified-Since,If-None-Match,Keep-Alive,Last-Modified,Origin,Pragma,Range,User-Agent,X-Http-Method-Override,X-Mx-ReqToken,X-Requested-With,X-Contentful-Version,X-Contentful-Content-Type,X-Contentful-Organization,X-Contentful-Skip-Transformation
      Access-Control-Allow-Methods:
      - DELETE,GET,HEAD,POST,PUT,OPTIONS
      Access-Control-Allow-Origin:
      - "*"
      Access-Control-Expose-Headers:
      - Etag
      Access-Control-Max-Age:
      - '1728000'
      Cache-Control:
      - max-age=0
      Content-Type:
      - application/vnd.contentful.management.v1+json
      Date:
      - Sun, 04 Jan 2015 19:11:08 GMT
      Etag:
      - '"65cf3d93e9e6c0cb1669afc8e289f4b4"'
      Server:
      - nginx
      Status:
      - 200 OK
      X-Contentful-Request-Id:
      - 85f-1346180541
      Content-Length:
      - '465'
      Connection:
      - keep-alive
    body:
      encoding: UTF-8
      string: |+
        {
          "sys":{
            "type":"Space",
            "id":"ip17s12q0ek4",
            "version":1,
            "createdBy":{
              "sys":{
                "type":"Link",
                "linkType":"User",
                "id":"1E7acJL8I5XUXAMHQt9Grs"
              }
            },
            "createdAt":"2014-12-16T12:41:15Z",
            "updatedBy":{
              "sys":{
                "type":"Link",
                "linkType":"User",
                "id":"1E7acJL8I5XUXAMHQt9Grs"
              }
            },
            "updatedAt":"2014-12-16T12:41:16Z"
          },
          "name":"Importer Example Space"
        }

    http_version: 
  recorded_at: Sun, 04 Jan 2015 19:11:08 GMT
- request:
    method: get
    uri: https://api.contentful.com/spaces/ip17s12q0ek4/content_types
    body:
      encoding: US-ASCII
      string: ''
    headers:
      User-Agent:
      - RubyContentfulManagementGem/0.5.0
      Authorization:
      - Bearer <ACCESS_TOKEN>
      Content-Type:
      - application/vnd.contentful.management.v1+json
      Content-Length:
      - '0'
      Host:
      - api.contentful.com
  response:
    status:
      code: 200
      message: OK
    headers:
      Access-Control-Allow-Headers:
      - Accept,Accept-Language,Authorization,Cache-Control,Content-Length,Content-Range,Content-Type,DNT,Destination,Expires,If-Match,If-Modified-Since,If-None-Match,Keep-Alive,Last-Modified,Origin,Pragma,Range,User-Agent,X-Http-Method-Override,X-Mx-ReqToken,X-Requested-With,X-Contentful-Version,X-Contentful-Content-Type,X-Contentful-Organization,X-Contentful-Skip-Transformation
      Access-Control-Allow-Methods:
      - DELETE,GET,HEAD,POST,PUT,OPTIONS
      Access-Control-Allow-Origin:
      - "*"
      Access-Control-Expose-Headers:
      - Etag
      Access-Control-Max-Age:
      - '1728000'
      Cf-Space-Id:
      - ip17s12q0ek4
      Content-Type:
      - application/vnd.contentful.management.v1+json
      Date:
      - Sun, 04 Jan 2015 19:11:08 GMT
      Etag:
      - '"d7fb761727969f9c52a402223e0bae78"'
      Server:
      - nginx
      X-Powered-By:
      - Express
      Content-Length:
      - '10394'
      Connection:
      - keep-alive
    body:
      encoding: UTF-8
      string: |
        {
          "sys": {
            "type": "Array"
          },
          "total": 5,
          "skip": 0,
          "limit": 100,
          "items": [
            {
              "displayField": "first_name",
              "name": "User",
              "description": "",
              "fields": [
                {
                  "id": "first_name",
                  "name": "First_name",
                  "type": "Text",
                  "linkType": null,
                  "items": null,
                  "required": null,
                  "localized": null,
                  "validations": null
                },
                {
                  "id": "last_name",
                  "name": "Last_name",
                  "type": "Text",
                  "linkType": null,
                  "items": null,
                  "required": null,
                  "localized": null,
                  "validations": null
                },
                {
                  "id": "birthday",
                  "name": "Birthday",
                  "type": "Date",
                  "linkType": null,
                  "items": null,
                  "required": null,
                  "localized": null,
                  "validations": null
                },
                {
                  "id": "job_adds",
                  "name": "Job_adds",
                  "type": "Array",
                  "linkType": null,
                  "items": {
                    "id": null,
                    "name": null,
                    "type": "Link",
                    "linkType": "Entry",
                    "items": null,
                    "required": null,
                    "localized": null,
                    "validations": null
                  },
                  "required": null,
                  "localized": null,
                  "validations": null
                },
                {
                  "id": "profile",
                  "name": "Profile",
                  "type": "Link",
                  "linkType": "Entry",
                  "items": null,
                  "required": null,
                  "localized": null,
                  "validations": null
                }
              ],
              "sys": {
                "id": "1TVvxCqoRq0qUYAOQuOqys",
                "type": "ContentType",
                "createdAt": "2014-12-19T14:14:50.986Z",
                "createdBy": {
                  "sys": {
                    "type": "Link",
                    "linkType": "User",
                    "id": "1E7acJL8I5XUXAMHQt9Grs"
                  }
                },
                "space": {
                  "sys": {
                    "type": "Link",
                    "linkType": "Space",
                    "id": "ip17s12q0ek4"
                  }
                },
                "firstPublishedAt": "2014-12-19T14:14:52.885Z",
                "publishedCounter": 1,
                "publishedAt": "2014-12-19T14:14:52.885Z",
                "publishedBy": {
                  "sys": {
                    "type": "Link",
                    "linkType": "User",
                    "id": "1E7acJL8I5XUXAMHQt9Grs"
                  }
                },
                "publishedVersion": 2,
                "version": 3,
                "updatedAt": "2014-12-19T14:14:52.907Z",
                "updatedBy": {
                  "sys": {
                    "type": "Link",
                    "linkType": "User",
                    "id": "1E7acJL8I5XUXAMHQt9Grs"
                  }
                }
              }
            },
            {
              "displayField": "subject",
              "name": "Comment",
              "description": "",
              "fields": [
                {
                  "id": "subject",
                  "name": "Subject",
                  "type": "Text",
                  "linkType": null,
                  "items": null,
                  "required": null,
                  "localized": null,
                  "validations": null
                },
                {
                  "id": "content",
                  "name": "Content",
                  "type": "Text",
                  "linkType": null,
                  "items": null,
                  "required": null,
                  "localized": null,
                  "validations": null
                }
              ],
              "sys": {
                "id": "6H6pGAV1PUsuoAW26Iu48W",
                "type": "ContentType",
                "createdAt": "2014-12-19T14:14:37.371Z",
                "createdBy": {
                  "sys": {
                    "type": "Link",
                    "linkType": "User",
                    "id": "1E7acJL8I5XUXAMHQt9Grs"
                  }
                },
                "space": {
                  "sys": {
                    "type": "Link",
                    "linkType": "Space",
                    "id": "ip17s12q0ek4"
                  }
                },
                "firstPublishedAt": "2014-12-19T14:14:39.787Z",
                "publishedCounter": 1,
                "publishedAt": "2014-12-19T14:14:39.787Z",
                "publishedBy": {
                  "sys": {
                    "type": "Link",
                    "linkType": "User",
                    "id": "1E7acJL8I5XUXAMHQt9Grs"
                  }
                },
                "publishedVersion": 2,
                "version": 3,
                "updatedAt": "2014-12-19T14:14:39.836Z",
                "updatedBy": {
                  "sys": {
                    "type": "Link",
                    "linkType": "User",
                    "id": "1E7acJL8I5XUXAMHQt9Grs"
                  }
                }
              }
            },
            {
              "displayField": "title",
              "name": "Jobs",
              "description": "",
              "fields": [
                {
                  "id": "title",
                  "name": "Title",
                  "type": "Text",
                  "linkType": null,
                  "items": null,
                  "required": null,
                  "localized": null,
                  "validations": null
                },
                {
                  "id": "description",
                  "name": "Description",
                  "type": "Text",
                  "linkType": null,
                  "items": null,
                  "required": null,
                  "localized": null,
                  "validations": null
                },
                {
                  "id": "image",
                  "name": "Image",
                  "type": "Link",
                  "linkType": "Asset",
                  "items": null,
                  "required": null,
                  "localized": null,
                  "validations": null
                },
                {
                  "id": "creator",
                  "name": "Creator",
                  "type": "Link",
                  "linkType": "Entry",
                  "items": null,
                  "required": null,
                  "localized": null,
                  "validations": null
                },
                {
                  "id": "comments",
                  "name": "Comments",
                  "type": "Array",
                  "linkType": null,
                  "items": {
                    "id": null,
                    "name": null,
                    "type": "Link",
                    "linkType": "Entry",
                    "items": null,
                    "required": null,
                    "localized": null,
                    "validations": null
                  },
                  "required": null,
                  "localized": null,
                  "validations": null
                },
                {
                  "id": "skills",
                  "name": "Skills",
                  "type": "Array",
                  "linkType": null,
                  "items": {
                    "id": null,
                    "name": null,
                    "type": "Link",
                    "linkType": "Entry",
                    "items": null,
                    "required": null,
                    "localized": null,
                    "validations": null
                  },
                  "required": null,
                  "localized": null,
                  "validations": null
                }
              ],
              "sys": {
                "id": "4L1bg4WQ5aWQMiE82ouag",
                "type": "ContentType",
                "createdAt": "2014-12-19T14:14:44.827Z",
                "createdBy": {
                  "sys": {
                    "type": "Link",
                    "linkType": "User",
                    "id": "1E7acJL8I5XUXAMHQt9Grs"
                  }
                },
                "space": {
                  "sys": {
                    "type": "Link",
                    "linkType": "Space",
                    "id": "ip17s12q0ek4"
                  }
                },
                "firstPublishedAt": "2014-12-19T14:14:46.443Z",
                "publishedCounter": 1,
                "publishedAt": "2014-12-19T14:14:46.443Z",
                "publishedBy": {
                  "sys": {
                    "type": "Link",
                    "linkType": "User",
                    "id": "1E7acJL8I5XUXAMHQt9Grs"
                  }
                },
                "publishedVersion": 2,
                "version": 3,
                "updatedAt": "2014-12-19T14:14:46.501Z",
                "updatedBy": {
                  "sys": {
                    "type": "Link",
                    "linkType": "User",
                    "id": "1E7acJL8I5XUXAMHQt9Grs"
                  }
                }
              }
            },
            {
              "name": "Profile",
              "description": null,
              "fields": [
                {
                  "id": "nickname",
                  "name": "Nickname",
                  "type": "Text",
                  "linkType": null,
                  "required": null,
                  "items": null
                },
                {
                  "id": "user",
                  "name": "User",
                  "type": "Link",
                  "linkType": "Entry",
                  "required": null,
                  "items": null
                }
              ],
              "sys": {
                "id": "4WFZh4MwC4Mc0EQWAeOY8A",
                "type": "ContentType",
                "createdAt": "2014-12-19T14:14:48.198Z",
                "createdBy": {
                  "sys": {
                    "type": "Link",
                    "linkType": "User",
                    "id": "1E7acJL8I5XUXAMHQt9Grs"
                  }
                },
                "space": {
                  "sys": {
                    "type": "Link",
                    "linkType": "Space",
                    "id": "ip17s12q0ek4"
                  }
                },
                "firstPublishedAt": "2014-12-19T14:14:49.037Z",
                "publishedCounter": 1,
                "publishedAt": "2014-12-19T14:14:49.037Z",
                "publishedBy": {
                  "sys": {
                    "type": "Link",
                    "linkType": "User",
                    "id": "1E7acJL8I5XUXAMHQt9Grs"
                  }
                },
                "publishedVersion": 1,
                "version": 2,
                "updatedAt": "2014-12-19T14:14:49.084Z",
                "updatedBy": {
                  "sys": {
                    "type": "Link",
                    "linkType": "User",
                    "id": "1E7acJL8I5XUXAMHQt9Grs"
                  }
                }
              }
            },
            {
              "displayField": "name",
              "name": "Job Skills",
              "description": "",
              "fields": [
                {
                  "id": "name",
                  "name": "Name",
                  "type": "Text",
                  "linkType": null,
                  "items": null,
                  "required": null,
                  "localized": null,
                  "validations": null
                }
              ],
              "sys": {
                "id": "2soCP557HGKoOOK0SqmMOm",
                "type": "ContentType",
                "createdAt": "2014-12-19T14:14:41.454Z",
                "createdBy": {
                  "sys": {
                    "type": "Link",
                    "linkType": "User",
                    "id": "1E7acJL8I5XUXAMHQt9Grs"
                  }
                },
                "space": {
                  "sys": {
                    "type": "Link",
                    "linkType": "Space",
                    "id": "ip17s12q0ek4"
                  }
                },
                "firstPublishedAt": "2014-12-19T14:14:43.043Z",
                "publishedCounter": 1,
                "publishedAt": "2014-12-19T14:14:43.043Z",
                "publishedBy": {
                  "sys": {
                    "type": "Link",
                    "linkType": "User",
                    "id": "1E7acJL8I5XUXAMHQt9Grs"
                  }
                },
                "publishedVersion": 2,
                "version": 3,
                "updatedAt": "2014-12-19T14:14:43.085Z",
                "updatedBy": {
                  "sys": {
                    "type": "Link",
                    "linkType": "User",
                    "id": "1E7acJL8I5XUXAMHQt9Grs"
                  }
                }
              }
            }
          ]
        }
    http_version: 
  recorded_at: Sun, 04 Jan 2015 19:11:09 GMT
- request:
    method: put
    uri: https://api.contentful.com/spaces/ip17s12q0ek4/assets/image_1
    body:
      encoding: UTF-8
      string: '{"fields":{"title":{"en-US":"Image 1"},"description":{"en-US":""},"file":{"en-US":{"contentType":"image/jpeg","fileName":"Image
        1","upload":"http://new1.fjcdn.com/thumbnails/comments/4019311+_9f47119b44b5043d82c74008dc40397d.jpg"}}}}'
    headers:
      User-Agent:
      - RubyContentfulManagementGem/0.5.0
      Authorization:
      - Bearer <ACCESS_TOKEN>
      Content-Type:
      - application/vnd.contentful.management.v1+json
      Host:
      - api.contentful.com
  response:
    status:
      code: 201
      message: Created
    headers:
      Access-Control-Allow-Headers:
      - Accept,Accept-Language,Authorization,Cache-Control,Content-Length,Content-Range,Content-Type,DNT,Destination,Expires,If-Match,If-Modified-Since,If-None-Match,Keep-Alive,Last-Modified,Origin,Pragma,Range,User-Agent,X-Http-Method-Override,X-Mx-ReqToken,X-Requested-With,X-Contentful-Version,X-Contentful-Content-Type,X-Contentful-Organization,X-Contentful-Skip-Transformation
      Access-Control-Allow-Methods:
      - DELETE,GET,HEAD,POST,PUT,OPTIONS
      Access-Control-Allow-Origin:
      - "*"
      Access-Control-Expose-Headers:
      - Etag
      Access-Control-Max-Age:
      - '1728000'
      Cf-Space-Id:
      - ip17s12q0ek4
      Content-Type:
      - application/vnd.contentful.management.v1+json
      Date:
      - Sun, 04 Jan 2015 19:11:09 GMT
      Etag:
      - '"de8d3bc5d5bf099a1faf5e8ed13dd4ca"'
      Server:
      - nginx
      X-Powered-By:
      - Express
      Content-Length:
      - '908'
      Connection:
      - keep-alive
    body:
      encoding: UTF-8
      string: |
        {
          "fields": {
            "title": {
              "en-US": "Image 1"
            },
            "description": {
              "en-US": ""
            },
            "file": {
              "en-US": {
                "contentType": "image/jpeg",
                "fileName": "Image 1",
                "upload": "http://new1.fjcdn.com/thumbnails/comments/4019311+_9f47119b44b5043d82c74008dc40397d.jpg"
              }
            }
          },
          "sys": {
            "id": "image_1",
            "type": "Asset",
            "version": 1,
            "createdAt": "2015-01-04T19:11:09.787Z",
            "createdBy": {
              "sys": {
                "type": "Link",
                "linkType": "User",
                "id": "1E7acJL8I5XUXAMHQt9Grs"
              }
            },
            "space": {
              "sys": {
                "type": "Link",
                "linkType": "Space",
                "id": "ip17s12q0ek4"
              }
            },
            "updatedAt": "2015-01-04T19:11:09.787Z",
            "updatedBy": {
              "sys": {
                "type": "Link",
                "linkType": "User",
                "id": "1E7acJL8I5XUXAMHQt9Grs"
              }
            }
          }
        }
    http_version: 
  recorded_at: Sun, 04 Jan 2015 19:11:10 GMT
- request:
    method: put
    uri: https://api.contentful.com/spaces/ip17s12q0ek4/assets/image_1/files/en-US/process
    body:
      encoding: US-ASCII
      string: ''
    headers:
      User-Agent:
      - RubyContentfulManagementGem/0.5.0
      Authorization:
      - Bearer <ACCESS_TOKEN>
      Content-Type:
      - application/vnd.contentful.management.v1+json
      X-Contentful-Version:
      - '1'
      Content-Length:
      - '0'
      Host:
      - api.contentful.com
  response:
    status:
      code: 204
      message: No Content
    headers:
      Access-Control-Allow-Headers:
      - Accept,Accept-Language,Authorization,Cache-Control,Content-Length,Content-Range,Content-Type,DNT,Destination,Expires,If-Match,If-Modified-Since,If-None-Match,Keep-Alive,Last-Modified,Origin,Pragma,Range,User-Agent,X-Http-Method-Override,X-Mx-ReqToken,X-Requested-With,X-Contentful-Version,X-Contentful-Content-Type,X-Contentful-Organization,X-Contentful-Skip-Transformation
      Access-Control-Allow-Methods:
      - DELETE,GET,HEAD,POST,PUT,OPTIONS
      Access-Control-Allow-Origin:
      - "*"
      Access-Control-Expose-Headers:
      - Etag
      Access-Control-Max-Age:
      - '1728000'
      Cf-Space-Id:
      - ip17s12q0ek4
      Content-Type:
      - application/vnd.contentful.management.v1+json
      Date:
      - Sun, 04 Jan 2015 19:11:10 GMT
      Server:
      - nginx
      X-Powered-By:
      - Express
      Connection:
      - keep-alive
    body:
      encoding: UTF-8
      string: ''
    http_version: 
  recorded_at: Sun, 04 Jan 2015 19:11:10 GMT
- request:
    method: get
    uri: https://api.contentful.com/spaces/ip17s12q0ek4
    body:
      encoding: US-ASCII
      string: ''
    headers:
      User-Agent:
      - RubyContentfulManagementGem/0.5.0
      Authorization:
      - Bearer <ACCESS_TOKEN>
      Content-Type:
      - application/vnd.contentful.management.v1+json
      Content-Length:
      - '0'
      Host:
      - api.contentful.com
  response:
    status:
      code: 200
      message: OK
    headers:
      Accept-Ranges:
      - bytes
      Access-Control-Allow-Headers:
      - Accept,Accept-Language,Authorization,Cache-Control,Content-Length,Content-Range,Content-Type,DNT,Destination,Expires,If-Match,If-Modified-Since,If-None-Match,Keep-Alive,Last-Modified,Origin,Pragma,Range,User-Agent,X-Http-Method-Override,X-Mx-ReqToken,X-Requested-With,X-Contentful-Version,X-Contentful-Content-Type,X-Contentful-Organization,X-Contentful-Skip-Transformation
      Access-Control-Allow-Methods:
      - DELETE,GET,HEAD,POST,PUT,OPTIONS
      Access-Control-Allow-Origin:
      - "*"
      Access-Control-Expose-Headers:
      - Etag
      Access-Control-Max-Age:
      - '1728000'
      Cache-Control:
      - max-age=0
      Content-Type:
      - application/vnd.contentful.management.v1+json
      Date:
      - Sun, 04 Jan 2015 19:11:11 GMT
      Etag:
      - '"65cf3d93e9e6c0cb1669afc8e289f4b4"'
      Server:
      - nginx
      Status:
      - 200 OK
      X-Contentful-Request-Id:
      - f1c-662014774
      Content-Length:
      - '465'
      Connection:
      - keep-alive
    body:
      encoding: UTF-8
      string: |+
        {
          "sys":{
            "type":"Space",
            "id":"ip17s12q0ek4",
            "version":1,
            "createdBy":{
              "sys":{
                "type":"Link",
                "linkType":"User",
                "id":"1E7acJL8I5XUXAMHQt9Grs"
              }
            },
            "createdAt":"2014-12-16T12:41:15Z",
            "updatedBy":{
              "sys":{
                "type":"Link",
                "linkType":"User",
                "id":"1E7acJL8I5XUXAMHQt9Grs"
              }
            },
            "updatedAt":"2014-12-16T12:41:16Z"
          },
          "name":"Importer Example Space"
        }

    http_version: 
  recorded_at: Sun, 04 Jan 2015 19:11:11 GMT
- request:
    method: get
    uri: https://api.contentful.com/spaces/ip17s12q0ek4/content_types
    body:
      encoding: US-ASCII
      string: ''
    headers:
      User-Agent:
      - RubyContentfulManagementGem/0.5.0
      Authorization:
      - Bearer <ACCESS_TOKEN>
      Content-Type:
      - application/vnd.contentful.management.v1+json
      Content-Length:
      - '0'
      Host:
      - api.contentful.com
  response:
    status:
      code: 200
      message: OK
    headers:
      Access-Control-Allow-Headers:
      - Accept,Accept-Language,Authorization,Cache-Control,Content-Length,Content-Range,Content-Type,DNT,Destination,Expires,If-Match,If-Modified-Since,If-None-Match,Keep-Alive,Last-Modified,Origin,Pragma,Range,User-Agent,X-Http-Method-Override,X-Mx-ReqToken,X-Requested-With,X-Contentful-Version,X-Contentful-Content-Type,X-Contentful-Organization,X-Contentful-Skip-Transformation
      Access-Control-Allow-Methods:
      - DELETE,GET,HEAD,POST,PUT,OPTIONS
      Access-Control-Allow-Origin:
      - "*"
      Access-Control-Expose-Headers:
      - Etag
      Access-Control-Max-Age:
      - '1728000'
      Cf-Space-Id:
      - ip17s12q0ek4
      Content-Type:
      - application/vnd.contentful.management.v1+json
      Date:
      - Sun, 04 Jan 2015 19:11:11 GMT
      Etag:
      - '"d7fb761727969f9c52a402223e0bae78"'
      Server:
      - nginx
      X-Powered-By:
      - Express
      Content-Length:
      - '10394'
      Connection:
      - keep-alive
    body:
      encoding: UTF-8
      string: |
        {
          "sys": {
            "type": "Array"
          },
          "total": 5,
          "skip": 0,
          "limit": 100,
          "items": [
            {
              "displayField": "first_name",
              "name": "User",
              "description": "",
              "fields": [
                {
                  "id": "first_name",
                  "name": "First_name",
                  "type": "Text",
                  "linkType": null,
                  "items": null,
                  "required": null,
                  "localized": null,
                  "validations": null
                },
                {
                  "id": "last_name",
                  "name": "Last_name",
                  "type": "Text",
                  "linkType": null,
                  "items": null,
                  "required": null,
                  "localized": null,
                  "validations": null
                },
                {
                  "id": "birthday",
                  "name": "Birthday",
                  "type": "Date",
                  "linkType": null,
                  "items": null,
                  "required": null,
                  "localized": null,
                  "validations": null
                },
                {
                  "id": "job_adds",
                  "name": "Job_adds",
                  "type": "Array",
                  "linkType": null,
                  "items": {
                    "id": null,
                    "name": null,
                    "type": "Link",
                    "linkType": "Entry",
                    "items": null,
                    "required": null,
                    "localized": null,
                    "validations": null
                  },
                  "required": null,
                  "localized": null,
                  "validations": null
                },
                {
                  "id": "profile",
                  "name": "Profile",
                  "type": "Link",
                  "linkType": "Entry",
                  "items": null,
                  "required": null,
                  "localized": null,
                  "validations": null
                }
              ],
              "sys": {
                "id": "1TVvxCqoRq0qUYAOQuOqys",
                "type": "ContentType",
                "createdAt": "2014-12-19T14:14:50.986Z",
                "createdBy": {
                  "sys": {
                    "type": "Link",
                    "linkType": "User",
                    "id": "1E7acJL8I5XUXAMHQt9Grs"
                  }
                },
                "space": {
                  "sys": {
                    "type": "Link",
                    "linkType": "Space",
                    "id": "ip17s12q0ek4"
                  }
                },
                "firstPublishedAt": "2014-12-19T14:14:52.885Z",
                "publishedCounter": 1,
                "publishedAt": "2014-12-19T14:14:52.885Z",
                "publishedBy": {
                  "sys": {
                    "type": "Link",
                    "linkType": "User",
                    "id": "1E7acJL8I5XUXAMHQt9Grs"
                  }
                },
                "publishedVersion": 2,
                "version": 3,
                "updatedAt": "2014-12-19T14:14:52.907Z",
                "updatedBy": {
                  "sys": {
                    "type": "Link",
                    "linkType": "User",
                    "id": "1E7acJL8I5XUXAMHQt9Grs"
                  }
                }
              }
            },
            {
              "displayField": "subject",
              "name": "Comment",
              "description": "",
              "fields": [
                {
                  "id": "subject",
                  "name": "Subject",
                  "type": "Text",
                  "linkType": null,
                  "items": null,
                  "required": null,
                  "localized": null,
                  "validations": null
                },
                {
                  "id": "content",
                  "name": "Content",
                  "type": "Text",
                  "linkType": null,
                  "items": null,
                  "required": null,
                  "localized": null,
                  "validations": null
                }
              ],
              "sys": {
                "id": "6H6pGAV1PUsuoAW26Iu48W",
                "type": "ContentType",
                "createdAt": "2014-12-19T14:14:37.371Z",
                "createdBy": {
                  "sys": {
                    "type": "Link",
                    "linkType": "User",
                    "id": "1E7acJL8I5XUXAMHQt9Grs"
                  }
                },
                "space": {
                  "sys": {
                    "type": "Link",
                    "linkType": "Space",
                    "id": "ip17s12q0ek4"
                  }
                },
                "firstPublishedAt": "2014-12-19T14:14:39.787Z",
                "publishedCounter": 1,
                "publishedAt": "2014-12-19T14:14:39.787Z",
                "publishedBy": {
                  "sys": {
                    "type": "Link",
                    "linkType": "User",
                    "id": "1E7acJL8I5XUXAMHQt9Grs"
                  }
                },
                "publishedVersion": 2,
                "version": 3,
                "updatedAt": "2014-12-19T14:14:39.836Z",
                "updatedBy": {
                  "sys": {
                    "type": "Link",
                    "linkType": "User",
                    "id": "1E7acJL8I5XUXAMHQt9Grs"
                  }
                }
              }
            },
            {
              "displayField": "title",
              "name": "Jobs",
              "description": "",
              "fields": [
                {
                  "id": "title",
                  "name": "Title",
                  "type": "Text",
                  "linkType": null,
                  "items": null,
                  "required": null,
                  "localized": null,
                  "validations": null
                },
                {
                  "id": "description",
                  "name": "Description",
                  "type": "Text",
                  "linkType": null,
                  "items": null,
                  "required": null,
                  "localized": null,
                  "validations": null
                },
                {
                  "id": "image",
                  "name": "Image",
                  "type": "Link",
                  "linkType": "Asset",
                  "items": null,
                  "required": null,
                  "localized": null,
                  "validations": null
                },
                {
                  "id": "creator",
                  "name": "Creator",
                  "type": "Link",
                  "linkType": "Entry",
                  "items": null,
                  "required": null,
                  "localized": null,
                  "validations": null
                },
                {
                  "id": "comments",
                  "name": "Comments",
                  "type": "Array",
                  "linkType": null,
                  "items": {
                    "id": null,
                    "name": null,
                    "type": "Link",
                    "linkType": "Entry",
                    "items": null,
                    "required": null,
                    "localized": null,
                    "validations": null
                  },
                  "required": null,
                  "localized": null,
                  "validations": null
                },
                {
                  "id": "skills",
                  "name": "Skills",
                  "type": "Array",
                  "linkType": null,
                  "items": {
                    "id": null,
                    "name": null,
                    "type": "Link",
                    "linkType": "Entry",
                    "items": null,
                    "required": null,
                    "localized": null,
                    "validations": null
                  },
                  "required": null,
                  "localized": null,
                  "validations": null
                }
              ],
              "sys": {
                "id": "4L1bg4WQ5aWQMiE82ouag",
                "type": "ContentType",
                "createdAt": "2014-12-19T14:14:44.827Z",
                "createdBy": {
                  "sys": {
                    "type": "Link",
                    "linkType": "User",
                    "id": "1E7acJL8I5XUXAMHQt9Grs"
                  }
                },
                "space": {
                  "sys": {
                    "type": "Link",
                    "linkType": "Space",
                    "id": "ip17s12q0ek4"
                  }
                },
                "firstPublishedAt": "2014-12-19T14:14:46.443Z",
                "publishedCounter": 1,
                "publishedAt": "2014-12-19T14:14:46.443Z",
                "publishedBy": {
                  "sys": {
                    "type": "Link",
                    "linkType": "User",
                    "id": "1E7acJL8I5XUXAMHQt9Grs"
                  }
                },
                "publishedVersion": 2,
                "version": 3,
                "updatedAt": "2014-12-19T14:14:46.501Z",
                "updatedBy": {
                  "sys": {
                    "type": "Link",
                    "linkType": "User",
                    "id": "1E7acJL8I5XUXAMHQt9Grs"
                  }
                }
              }
            },
            {
              "name": "Profile",
              "description": null,
              "fields": [
                {
                  "id": "nickname",
                  "name": "Nickname",
                  "type": "Text",
                  "linkType": null,
                  "required": null,
                  "items": null
                },
                {
                  "id": "user",
                  "name": "User",
                  "type": "Link",
                  "linkType": "Entry",
                  "required": null,
                  "items": null
                }
              ],
              "sys": {
                "id": "4WFZh4MwC4Mc0EQWAeOY8A",
                "type": "ContentType",
                "createdAt": "2014-12-19T14:14:48.198Z",
                "createdBy": {
                  "sys": {
                    "type": "Link",
                    "linkType": "User",
                    "id": "1E7acJL8I5XUXAMHQt9Grs"
                  }
                },
                "space": {
                  "sys": {
                    "type": "Link",
                    "linkType": "Space",
                    "id": "ip17s12q0ek4"
                  }
                },
                "firstPublishedAt": "2014-12-19T14:14:49.037Z",
                "publishedCounter": 1,
                "publishedAt": "2014-12-19T14:14:49.037Z",
                "publishedBy": {
                  "sys": {
                    "type": "Link",
                    "linkType": "User",
                    "id": "1E7acJL8I5XUXAMHQt9Grs"
                  }
                },
                "publishedVersion": 1,
                "version": 2,
                "updatedAt": "2014-12-19T14:14:49.084Z",
                "updatedBy": {
                  "sys": {
                    "type": "Link",
                    "linkType": "User",
                    "id": "1E7acJL8I5XUXAMHQt9Grs"
                  }
                }
              }
            },
            {
              "displayField": "name",
              "name": "Job Skills",
              "description": "",
              "fields": [
                {
                  "id": "name",
                  "name": "Name",
                  "type": "Text",
                  "linkType": null,
                  "items": null,
                  "required": null,
                  "localized": null,
                  "validations": null
                }
              ],
              "sys": {
                "id": "2soCP557HGKoOOK0SqmMOm",
                "type": "ContentType",
                "createdAt": "2014-12-19T14:14:41.454Z",
                "createdBy": {
                  "sys": {
                    "type": "Link",
                    "linkType": "User",
                    "id": "1E7acJL8I5XUXAMHQt9Grs"
                  }
                },
                "space": {
                  "sys": {
                    "type": "Link",
                    "linkType": "Space",
                    "id": "ip17s12q0ek4"
                  }
                },
                "firstPublishedAt": "2014-12-19T14:14:43.043Z",
                "publishedCounter": 1,
                "publishedAt": "2014-12-19T14:14:43.043Z",
                "publishedBy": {
                  "sys": {
                    "type": "Link",
                    "linkType": "User",
                    "id": "1E7acJL8I5XUXAMHQt9Grs"
                  }
                },
                "publishedVersion": 2,
                "version": 3,
                "updatedAt": "2014-12-19T14:14:43.085Z",
                "updatedBy": {
                  "sys": {
                    "type": "Link",
                    "linkType": "User",
                    "id": "1E7acJL8I5XUXAMHQt9Grs"
                  }
                }
              }
            }
          ]
        }
    http_version: 
  recorded_at: Sun, 04 Jan 2015 19:11:11 GMT
- request:
    method: put
    uri: https://api.contentful.com/spaces/ip17s12q0ek4/assets/image_2
    body:
      encoding: UTF-8
      string: '{"fields":{"title":{"en-US":"Image 2 - water"},"description":{"en-US":""},"file":{"en-US":{"contentType":"image/jpeg","fileName":"Image
        2 - water","upload":"http://csironewsblog.files.wordpress.com/2013/06/water_cover1.jpg"}}}}'
    headers:
      User-Agent:
      - RubyContentfulManagementGem/0.5.0
      Authorization:
      - Bearer <ACCESS_TOKEN>
      Content-Type:
      - application/vnd.contentful.management.v1+json
      Host:
      - api.contentful.com
  response:
    status:
      code: 201
      message: Created
    headers:
      Access-Control-Allow-Headers:
      - Accept,Accept-Language,Authorization,Cache-Control,Content-Length,Content-Range,Content-Type,DNT,Destination,Expires,If-Match,If-Modified-Since,If-None-Match,Keep-Alive,Last-Modified,Origin,Pragma,Range,User-Agent,X-Http-Method-Override,X-Mx-ReqToken,X-Requested-With,X-Contentful-Version,X-Contentful-Content-Type,X-Contentful-Organization,X-Contentful-Skip-Transformation
      Access-Control-Allow-Methods:
      - DELETE,GET,HEAD,POST,PUT,OPTIONS
      Access-Control-Allow-Origin:
      - "*"
      Access-Control-Expose-Headers:
      - Etag
      Access-Control-Max-Age:
      - '1728000'
      Cf-Space-Id:
      - ip17s12q0ek4
      Content-Type:
      - application/vnd.contentful.management.v1+json
      Date:
      - Sun, 04 Jan 2015 19:11:12 GMT
      Etag:
      - '"afd31c23e1adc3a5d4b90d9028c8849f"'
      Server:
      - nginx
      X-Powered-By:
      - Express
      Content-Length:
      - '902'
      Connection:
      - keep-alive
    body:
      encoding: UTF-8
      string: |
        {
          "fields": {
            "title": {
              "en-US": "Image 2 - water"
            },
            "description": {
              "en-US": ""
            },
            "file": {
              "en-US": {
                "contentType": "image/jpeg",
                "fileName": "Image 2 - water",
                "upload": "http://csironewsblog.files.wordpress.com/2013/06/water_cover1.jpg"
              }
            }
          },
          "sys": {
            "id": "image_2",
            "type": "Asset",
            "version": 1,
            "createdAt": "2015-01-04T19:11:12.607Z",
            "createdBy": {
              "sys": {
                "type": "Link",
                "linkType": "User",
                "id": "1E7acJL8I5XUXAMHQt9Grs"
              }
            },
            "space": {
              "sys": {
                "type": "Link",
                "linkType": "Space",
                "id": "ip17s12q0ek4"
              }
            },
            "updatedAt": "2015-01-04T19:11:12.607Z",
            "updatedBy": {
              "sys": {
                "type": "Link",
                "linkType": "User",
                "id": "1E7acJL8I5XUXAMHQt9Grs"
              }
            }
          }
        }
    http_version: 
  recorded_at: Sun, 04 Jan 2015 19:11:12 GMT
- request:
    method: put
    uri: https://api.contentful.com/spaces/ip17s12q0ek4/assets/image_2/files/en-US/process
    body:
      encoding: US-ASCII
      string: ''
    headers:
      User-Agent:
      - RubyContentfulManagementGem/0.5.0
      Authorization:
      - Bearer <ACCESS_TOKEN>
      Content-Type:
      - application/vnd.contentful.management.v1+json
      X-Contentful-Version:
      - '1'
      Content-Length:
      - '0'
      Host:
      - api.contentful.com
  response:
    status:
      code: 204
      message: No Content
    headers:
      Access-Control-Allow-Headers:
      - Accept,Accept-Language,Authorization,Cache-Control,Content-Length,Content-Range,Content-Type,DNT,Destination,Expires,If-Match,If-Modified-Since,If-None-Match,Keep-Alive,Last-Modified,Origin,Pragma,Range,User-Agent,X-Http-Method-Override,X-Mx-ReqToken,X-Requested-With,X-Contentful-Version,X-Contentful-Content-Type,X-Contentful-Organization,X-Contentful-Skip-Transformation
      Access-Control-Allow-Methods:
      - DELETE,GET,HEAD,POST,PUT,OPTIONS
      Access-Control-Allow-Origin:
      - "*"
      Access-Control-Expose-Headers:
      - Etag
      Access-Control-Max-Age:
      - '1728000'
      Cf-Space-Id:
      - ip17s12q0ek4
      Content-Type:
      - application/vnd.contentful.management.v1+json
      Date:
      - Sun, 04 Jan 2015 19:11:13 GMT
      Server:
      - nginx
      X-Powered-By:
      - Express
      Connection:
      - keep-alive
    body:
      encoding: UTF-8
      string: ''
    http_version: 
  recorded_at: Sun, 04 Jan 2015 19:11:13 GMT
- request:
    method: get
    uri: https://api.contentful.com/spaces/ip17s12q0ek4
    body:
      encoding: US-ASCII
      string: ''
    headers:
      User-Agent:
      - RubyContentfulManagementGem/0.5.0
      Authorization:
      - Bearer <ACCESS_TOKEN>
      Content-Type:
      - application/vnd.contentful.management.v1+json
      Content-Length:
      - '0'
      Host:
      - api.contentful.com
  response:
    status:
      code: 200
      message: OK
    headers:
      Accept-Ranges:
      - bytes
      Access-Control-Allow-Headers:
      - Accept,Accept-Language,Authorization,Cache-Control,Content-Length,Content-Range,Content-Type,DNT,Destination,Expires,If-Match,If-Modified-Since,If-None-Match,Keep-Alive,Last-Modified,Origin,Pragma,Range,User-Agent,X-Http-Method-Override,X-Mx-ReqToken,X-Requested-With,X-Contentful-Version,X-Contentful-Content-Type,X-Contentful-Organization,X-Contentful-Skip-Transformation
      Access-Control-Allow-Methods:
      - DELETE,GET,HEAD,POST,PUT,OPTIONS
      Access-Control-Allow-Origin:
      - "*"
      Access-Control-Expose-Headers:
      - Etag
      Access-Control-Max-Age:
      - '1728000'
      Cache-Control:
      - max-age=0
      Content-Type:
      - application/vnd.contentful.management.v1+json
      Date:
      - Sun, 04 Jan 2015 19:11:14 GMT
      Etag:
      - '"65cf3d93e9e6c0cb1669afc8e289f4b4"'
      Server:
      - nginx
      Status:
      - 200 OK
      X-Contentful-Request-Id:
      - 71a-1117994091
      Content-Length:
      - '465'
      Connection:
      - keep-alive
    body:
      encoding: UTF-8
      string: |+
        {
          "sys":{
            "type":"Space",
            "id":"ip17s12q0ek4",
            "version":1,
            "createdBy":{
              "sys":{
                "type":"Link",
                "linkType":"User",
                "id":"1E7acJL8I5XUXAMHQt9Grs"
              }
            },
            "createdAt":"2014-12-16T12:41:15Z",
            "updatedBy":{
              "sys":{
                "type":"Link",
                "linkType":"User",
                "id":"1E7acJL8I5XUXAMHQt9Grs"
              }
            },
            "updatedAt":"2014-12-16T12:41:16Z"
          },
          "name":"Importer Example Space"
        }

    http_version: 
  recorded_at: Sun, 04 Jan 2015 19:11:14 GMT
- request:
    method: get
    uri: https://api.contentful.com/spaces/ip17s12q0ek4/content_types
    body:
      encoding: US-ASCII
      string: ''
    headers:
      User-Agent:
      - RubyContentfulManagementGem/0.5.0
      Authorization:
      - Bearer <ACCESS_TOKEN>
      Content-Type:
      - application/vnd.contentful.management.v1+json
      Content-Length:
      - '0'
      Host:
      - api.contentful.com
  response:
    status:
      code: 200
      message: OK
    headers:
      Access-Control-Allow-Headers:
      - Accept,Accept-Language,Authorization,Cache-Control,Content-Length,Content-Range,Content-Type,DNT,Destination,Expires,If-Match,If-Modified-Since,If-None-Match,Keep-Alive,Last-Modified,Origin,Pragma,Range,User-Agent,X-Http-Method-Override,X-Mx-ReqToken,X-Requested-With,X-Contentful-Version,X-Contentful-Content-Type,X-Contentful-Organization,X-Contentful-Skip-Transformation
      Access-Control-Allow-Methods:
      - DELETE,GET,HEAD,POST,PUT,OPTIONS
      Access-Control-Allow-Origin:
      - "*"
      Access-Control-Expose-Headers:
      - Etag
      Access-Control-Max-Age:
      - '1728000'
      Cf-Space-Id:
      - ip17s12q0ek4
      Content-Type:
      - application/vnd.contentful.management.v1+json
      Date:
      - Sun, 04 Jan 2015 19:11:14 GMT
      Etag:
      - '"d7fb761727969f9c52a402223e0bae78"'
      Server:
      - nginx
      X-Powered-By:
      - Express
      Content-Length:
      - '10394'
      Connection:
      - keep-alive
    body:
      encoding: UTF-8
      string: |
        {
          "sys": {
            "type": "Array"
          },
          "total": 5,
          "skip": 0,
          "limit": 100,
          "items": [
            {
              "displayField": "first_name",
              "name": "User",
              "description": "",
              "fields": [
                {
                  "id": "first_name",
                  "name": "First_name",
                  "type": "Text",
                  "linkType": null,
                  "items": null,
                  "required": null,
                  "localized": null,
                  "validations": null
                },
                {
                  "id": "last_name",
                  "name": "Last_name",
                  "type": "Text",
                  "linkType": null,
                  "items": null,
                  "required": null,
                  "localized": null,
                  "validations": null
                },
                {
                  "id": "birthday",
                  "name": "Birthday",
                  "type": "Date",
                  "linkType": null,
                  "items": null,
                  "required": null,
                  "localized": null,
                  "validations": null
                },
                {
                  "id": "job_adds",
                  "name": "Job_adds",
                  "type": "Array",
                  "linkType": null,
                  "items": {
                    "id": null,
                    "name": null,
                    "type": "Link",
                    "linkType": "Entry",
                    "items": null,
                    "required": null,
                    "localized": null,
                    "validations": null
                  },
                  "required": null,
                  "localized": null,
                  "validations": null
                },
                {
                  "id": "profile",
                  "name": "Profile",
                  "type": "Link",
                  "linkType": "Entry",
                  "items": null,
                  "required": null,
                  "localized": null,
                  "validations": null
                }
              ],
              "sys": {
                "id": "1TVvxCqoRq0qUYAOQuOqys",
                "type": "ContentType",
                "createdAt": "2014-12-19T14:14:50.986Z",
                "createdBy": {
                  "sys": {
                    "type": "Link",
                    "linkType": "User",
                    "id": "1E7acJL8I5XUXAMHQt9Grs"
                  }
                },
                "space": {
                  "sys": {
                    "type": "Link",
                    "linkType": "Space",
                    "id": "ip17s12q0ek4"
                  }
                },
                "firstPublishedAt": "2014-12-19T14:14:52.885Z",
                "publishedCounter": 1,
                "publishedAt": "2014-12-19T14:14:52.885Z",
                "publishedBy": {
                  "sys": {
                    "type": "Link",
                    "linkType": "User",
                    "id": "1E7acJL8I5XUXAMHQt9Grs"
                  }
                },
                "publishedVersion": 2,
                "version": 3,
                "updatedAt": "2014-12-19T14:14:52.907Z",
                "updatedBy": {
                  "sys": {
                    "type": "Link",
                    "linkType": "User",
                    "id": "1E7acJL8I5XUXAMHQt9Grs"
                  }
                }
              }
            },
            {
              "displayField": "subject",
              "name": "Comment",
              "description": "",
              "fields": [
                {
                  "id": "subject",
                  "name": "Subject",
                  "type": "Text",
                  "linkType": null,
                  "items": null,
                  "required": null,
                  "localized": null,
                  "validations": null
                },
                {
                  "id": "content",
                  "name": "Content",
                  "type": "Text",
                  "linkType": null,
                  "items": null,
                  "required": null,
                  "localized": null,
                  "validations": null
                }
              ],
              "sys": {
                "id": "6H6pGAV1PUsuoAW26Iu48W",
                "type": "ContentType",
                "createdAt": "2014-12-19T14:14:37.371Z",
                "createdBy": {
                  "sys": {
                    "type": "Link",
                    "linkType": "User",
                    "id": "1E7acJL8I5XUXAMHQt9Grs"
                  }
                },
                "space": {
                  "sys": {
                    "type": "Link",
                    "linkType": "Space",
                    "id": "ip17s12q0ek4"
                  }
                },
                "firstPublishedAt": "2014-12-19T14:14:39.787Z",
                "publishedCounter": 1,
                "publishedAt": "2014-12-19T14:14:39.787Z",
                "publishedBy": {
                  "sys": {
                    "type": "Link",
                    "linkType": "User",
                    "id": "1E7acJL8I5XUXAMHQt9Grs"
                  }
                },
                "publishedVersion": 2,
                "version": 3,
                "updatedAt": "2014-12-19T14:14:39.836Z",
                "updatedBy": {
                  "sys": {
                    "type": "Link",
                    "linkType": "User",
                    "id": "1E7acJL8I5XUXAMHQt9Grs"
                  }
                }
              }
            },
            {
              "displayField": "title",
              "name": "Jobs",
              "description": "",
              "fields": [
                {
                  "id": "title",
                  "name": "Title",
                  "type": "Text",
                  "linkType": null,
                  "items": null,
                  "required": null,
                  "localized": null,
                  "validations": null
                },
                {
                  "id": "description",
                  "name": "Description",
                  "type": "Text",
                  "linkType": null,
                  "items": null,
                  "required": null,
                  "localized": null,
                  "validations": null
                },
                {
                  "id": "image",
                  "name": "Image",
                  "type": "Link",
                  "linkType": "Asset",
                  "items": null,
                  "required": null,
                  "localized": null,
                  "validations": null
                },
                {
                  "id": "creator",
                  "name": "Creator",
                  "type": "Link",
                  "linkType": "Entry",
                  "items": null,
                  "required": null,
                  "localized": null,
                  "validations": null
                },
                {
                  "id": "comments",
                  "name": "Comments",
                  "type": "Array",
                  "linkType": null,
                  "items": {
                    "id": null,
                    "name": null,
                    "type": "Link",
                    "linkType": "Entry",
                    "items": null,
                    "required": null,
                    "localized": null,
                    "validations": null
                  },
                  "required": null,
                  "localized": null,
                  "validations": null
                },
                {
                  "id": "skills",
                  "name": "Skills",
                  "type": "Array",
                  "linkType": null,
                  "items": {
                    "id": null,
                    "name": null,
                    "type": "Link",
                    "linkType": "Entry",
                    "items": null,
                    "required": null,
                    "localized": null,
                    "validations": null
                  },
                  "required": null,
                  "localized": null,
                  "validations": null
                }
              ],
              "sys": {
                "id": "4L1bg4WQ5aWQMiE82ouag",
                "type": "ContentType",
                "createdAt": "2014-12-19T14:14:44.827Z",
                "createdBy": {
                  "sys": {
                    "type": "Link",
                    "linkType": "User",
                    "id": "1E7acJL8I5XUXAMHQt9Grs"
                  }
                },
                "space": {
                  "sys": {
                    "type": "Link",
                    "linkType": "Space",
                    "id": "ip17s12q0ek4"
                  }
                },
                "firstPublishedAt": "2014-12-19T14:14:46.443Z",
                "publishedCounter": 1,
                "publishedAt": "2014-12-19T14:14:46.443Z",
                "publishedBy": {
                  "sys": {
                    "type": "Link",
                    "linkType": "User",
                    "id": "1E7acJL8I5XUXAMHQt9Grs"
                  }
                },
                "publishedVersion": 2,
                "version": 3,
                "updatedAt": "2014-12-19T14:14:46.501Z",
                "updatedBy": {
                  "sys": {
                    "type": "Link",
                    "linkType": "User",
                    "id": "1E7acJL8I5XUXAMHQt9Grs"
                  }
                }
              }
            },
            {
              "name": "Profile",
              "description": null,
              "fields": [
                {
                  "id": "nickname",
                  "name": "Nickname",
                  "type": "Text",
                  "linkType": null,
                  "required": null,
                  "items": null
                },
                {
                  "id": "user",
                  "name": "User",
                  "type": "Link",
                  "linkType": "Entry",
                  "required": null,
                  "items": null
                }
              ],
              "sys": {
                "id": "4WFZh4MwC4Mc0EQWAeOY8A",
                "type": "ContentType",
                "createdAt": "2014-12-19T14:14:48.198Z",
                "createdBy": {
                  "sys": {
                    "type": "Link",
                    "linkType": "User",
                    "id": "1E7acJL8I5XUXAMHQt9Grs"
                  }
                },
                "space": {
                  "sys": {
                    "type": "Link",
                    "linkType": "Space",
                    "id": "ip17s12q0ek4"
                  }
                },
                "firstPublishedAt": "2014-12-19T14:14:49.037Z",
                "publishedCounter": 1,
                "publishedAt": "2014-12-19T14:14:49.037Z",
                "publishedBy": {
                  "sys": {
                    "type": "Link",
                    "linkType": "User",
                    "id": "1E7acJL8I5XUXAMHQt9Grs"
                  }
                },
                "publishedVersion": 1,
                "version": 2,
                "updatedAt": "2014-12-19T14:14:49.084Z",
                "updatedBy": {
                  "sys": {
                    "type": "Link",
                    "linkType": "User",
                    "id": "1E7acJL8I5XUXAMHQt9Grs"
                  }
                }
              }
            },
            {
              "displayField": "name",
              "name": "Job Skills",
              "description": "",
              "fields": [
                {
                  "id": "name",
                  "name": "Name",
                  "type": "Text",
                  "linkType": null,
                  "items": null,
                  "required": null,
                  "localized": null,
                  "validations": null
                }
              ],
              "sys": {
                "id": "2soCP557HGKoOOK0SqmMOm",
                "type": "ContentType",
                "createdAt": "2014-12-19T14:14:41.454Z",
                "createdBy": {
                  "sys": {
                    "type": "Link",
                    "linkType": "User",
                    "id": "1E7acJL8I5XUXAMHQt9Grs"
                  }
                },
                "space": {
                  "sys": {
                    "type": "Link",
                    "linkType": "Space",
                    "id": "ip17s12q0ek4"
                  }
                },
                "firstPublishedAt": "2014-12-19T14:14:43.043Z",
                "publishedCounter": 1,
                "publishedAt": "2014-12-19T14:14:43.043Z",
                "publishedBy": {
                  "sys": {
                    "type": "Link",
                    "linkType": "User",
                    "id": "1E7acJL8I5XUXAMHQt9Grs"
                  }
                },
                "publishedVersion": 2,
                "version": 3,
                "updatedAt": "2014-12-19T14:14:43.085Z",
                "updatedBy": {
                  "sys": {
                    "type": "Link",
                    "linkType": "User",
                    "id": "1E7acJL8I5XUXAMHQt9Grs"
                  }
                }
              }
            }
          ]
        }
    http_version: 
  recorded_at: Sun, 04 Jan 2015 19:11:14 GMT
- request:
    method: put
    uri: https://api.contentful.com/spaces/ip17s12q0ek4/assets/image_3
    body:
      encoding: UTF-8
      string: '{"fields":{"title":{"en-US":"Ruby on rails"},"description":{"en-US":""},"file":{"en-US":{"contentType":"image/jpeg","fileName":"Ruby
        on rails","upload":"http://dhwlijwe9jil7.cloudfront.net/files/2012/07/4/companies-using-ruby-on-rails.jpg"}}}}'
    headers:
      User-Agent:
      - RubyContentfulManagementGem/0.5.0
      Authorization:
      - Bearer <ACCESS_TOKEN>
      Content-Type:
      - application/vnd.contentful.management.v1+json
      Host:
      - api.contentful.com
  response:
    status:
      code: 201
      message: Created
    headers:
      Access-Control-Allow-Headers:
      - Accept,Accept-Language,Authorization,Cache-Control,Content-Length,Content-Range,Content-Type,DNT,Destination,Expires,If-Match,If-Modified-Since,If-None-Match,Keep-Alive,Last-Modified,Origin,Pragma,Range,User-Agent,X-Http-Method-Override,X-Mx-ReqToken,X-Requested-With,X-Contentful-Version,X-Contentful-Content-Type,X-Contentful-Organization,X-Contentful-Skip-Transformation
      Access-Control-Allow-Methods:
      - DELETE,GET,HEAD,POST,PUT,OPTIONS
      Access-Control-Allow-Origin:
      - "*"
      Access-Control-Expose-Headers:
      - Etag
      Access-Control-Max-Age:
      - '1728000'
      Cf-Space-Id:
      - ip17s12q0ek4
      Content-Type:
      - application/vnd.contentful.management.v1+json
      Date:
      - Sun, 04 Jan 2015 19:11:15 GMT
      Etag:
      - '"b8559c53a6a3a31d3393037fd054a296"'
      Server:
      - nginx
      X-Powered-By:
      - Express
      Content-Length:
      - '918'
      Connection:
      - keep-alive
    body:
      encoding: UTF-8
      string: |
        {
          "fields": {
            "title": {
              "en-US": "Ruby on rails"
            },
            "description": {
              "en-US": ""
            },
            "file": {
              "en-US": {
                "contentType": "image/jpeg",
                "fileName": "Ruby on rails",
                "upload": "http://dhwlijwe9jil7.cloudfront.net/files/2012/07/4/companies-using-ruby-on-rails.jpg"
              }
            }
          },
          "sys": {
            "id": "image_3",
            "type": "Asset",
            "version": 1,
            "createdAt": "2015-01-04T19:11:15.391Z",
            "createdBy": {
              "sys": {
                "type": "Link",
                "linkType": "User",
                "id": "1E7acJL8I5XUXAMHQt9Grs"
              }
            },
            "space": {
              "sys": {
                "type": "Link",
                "linkType": "Space",
                "id": "ip17s12q0ek4"
              }
            },
            "updatedAt": "2015-01-04T19:11:15.391Z",
            "updatedBy": {
              "sys": {
                "type": "Link",
                "linkType": "User",
                "id": "1E7acJL8I5XUXAMHQt9Grs"
              }
            }
          }
        }
    http_version: 
  recorded_at: Sun, 04 Jan 2015 19:11:15 GMT
- request:
    method: put
    uri: https://api.contentful.com/spaces/ip17s12q0ek4/assets/image_3/files/en-US/process
    body:
      encoding: US-ASCII
      string: ''
    headers:
      User-Agent:
      - RubyContentfulManagementGem/0.5.0
      Authorization:
      - Bearer <ACCESS_TOKEN>
      Content-Type:
      - application/vnd.contentful.management.v1+json
      X-Contentful-Version:
      - '1'
      Content-Length:
      - '0'
      Host:
      - api.contentful.com
  response:
    status:
      code: 204
      message: No Content
    headers:
      Access-Control-Allow-Headers:
      - Accept,Accept-Language,Authorization,Cache-Control,Content-Length,Content-Range,Content-Type,DNT,Destination,Expires,If-Match,If-Modified-Since,If-None-Match,Keep-Alive,Last-Modified,Origin,Pragma,Range,User-Agent,X-Http-Method-Override,X-Mx-ReqToken,X-Requested-With,X-Contentful-Version,X-Contentful-Content-Type,X-Contentful-Organization,X-Contentful-Skip-Transformation
      Access-Control-Allow-Methods:
      - DELETE,GET,HEAD,POST,PUT,OPTIONS
      Access-Control-Allow-Origin:
      - "*"
      Access-Control-Expose-Headers:
      - Etag
      Access-Control-Max-Age:
      - '1728000'
      Cf-Space-Id:
      - ip17s12q0ek4
      Content-Type:
      - application/vnd.contentful.management.v1+json
      Date:
      - Sun, 04 Jan 2015 19:11:16 GMT
      Server:
      - nginx
      X-Powered-By:
      - Express
      Connection:
      - keep-alive
    body:
      encoding: UTF-8
      string: ''
    http_version: 
  recorded_at: Sun, 04 Jan 2015 19:11:16 GMT
- request:
    method: get
    uri: https://api.contentful.com/spaces/ip17s12q0ek4
    body:
      encoding: US-ASCII
      string: ''
    headers:
      User-Agent:
      - RubyContentfulManagementGem/0.5.0
      Authorization:
      - Bearer <ACCESS_TOKEN>
      Content-Type:
      - application/vnd.contentful.management.v1+json
      Content-Length:
      - '0'
      Host:
      - api.contentful.com
  response:
    status:
      code: 200
      message: OK
    headers:
      Accept-Ranges:
      - bytes
      Access-Control-Allow-Headers:
      - Accept,Accept-Language,Authorization,Cache-Control,Content-Length,Content-Range,Content-Type,DNT,Destination,Expires,If-Match,If-Modified-Since,If-None-Match,Keep-Alive,Last-Modified,Origin,Pragma,Range,User-Agent,X-Http-Method-Override,X-Mx-ReqToken,X-Requested-With,X-Contentful-Version,X-Contentful-Content-Type,X-Contentful-Organization,X-Contentful-Skip-Transformation
      Access-Control-Allow-Methods:
      - DELETE,GET,HEAD,POST,PUT,OPTIONS
      Access-Control-Allow-Origin:
      - "*"
      Access-Control-Expose-Headers:
      - Etag
      Access-Control-Max-Age:
      - '1728000'
      Cache-Control:
      - max-age=0
      Content-Type:
      - application/vnd.contentful.management.v1+json
      Date:
      - Sun, 04 Jan 2015 19:11:17 GMT
      Etag:
      - '"65cf3d93e9e6c0cb1669afc8e289f4b4"'
      Server:
      - nginx
      Status:
      - 200 OK
      X-Contentful-Request-Id:
      - 85f-1346180586
      Content-Length:
      - '465'
      Connection:
      - keep-alive
    body:
      encoding: UTF-8
      string: |+
        {
          "sys":{
            "type":"Space",
            "id":"ip17s12q0ek4",
            "version":1,
            "createdBy":{
              "sys":{
                "type":"Link",
                "linkType":"User",
                "id":"1E7acJL8I5XUXAMHQt9Grs"
              }
            },
            "createdAt":"2014-12-16T12:41:15Z",
            "updatedBy":{
              "sys":{
                "type":"Link",
                "linkType":"User",
                "id":"1E7acJL8I5XUXAMHQt9Grs"
              }
            },
            "updatedAt":"2014-12-16T12:41:16Z"
          },
          "name":"Importer Example Space"
        }

    http_version: 
  recorded_at: Sun, 04 Jan 2015 19:11:17 GMT
- request:
    method: get
    uri: https://api.contentful.com/spaces/ip17s12q0ek4/content_types
    body:
      encoding: US-ASCII
      string: ''
    headers:
      User-Agent:
      - RubyContentfulManagementGem/0.5.0
      Authorization:
      - Bearer <ACCESS_TOKEN>
      Content-Type:
      - application/vnd.contentful.management.v1+json
      Content-Length:
      - '0'
      Host:
      - api.contentful.com
  response:
    status:
      code: 200
      message: OK
    headers:
      Access-Control-Allow-Headers:
      - Accept,Accept-Language,Authorization,Cache-Control,Content-Length,Content-Range,Content-Type,DNT,Destination,Expires,If-Match,If-Modified-Since,If-None-Match,Keep-Alive,Last-Modified,Origin,Pragma,Range,User-Agent,X-Http-Method-Override,X-Mx-ReqToken,X-Requested-With,X-Contentful-Version,X-Contentful-Content-Type,X-Contentful-Organization,X-Contentful-Skip-Transformation
      Access-Control-Allow-Methods:
      - DELETE,GET,HEAD,POST,PUT,OPTIONS
      Access-Control-Allow-Origin:
      - "*"
      Access-Control-Expose-Headers:
      - Etag
      Access-Control-Max-Age:
      - '1728000'
      Cf-Space-Id:
      - ip17s12q0ek4
      Content-Type:
      - application/vnd.contentful.management.v1+json
      Date:
      - Sun, 04 Jan 2015 19:11:17 GMT
      Etag:
      - '"d7fb761727969f9c52a402223e0bae78"'
      Server:
      - nginx
      X-Powered-By:
      - Express
      Content-Length:
      - '10394'
      Connection:
      - keep-alive
    body:
      encoding: UTF-8
      string: |
        {
          "sys": {
            "type": "Array"
          },
          "total": 5,
          "skip": 0,
          "limit": 100,
          "items": [
            {
              "displayField": "first_name",
              "name": "User",
              "description": "",
              "fields": [
                {
                  "id": "first_name",
                  "name": "First_name",
                  "type": "Text",
                  "linkType": null,
                  "items": null,
                  "required": null,
                  "localized": null,
                  "validations": null
                },
                {
                  "id": "last_name",
                  "name": "Last_name",
                  "type": "Text",
                  "linkType": null,
                  "items": null,
                  "required": null,
                  "localized": null,
                  "validations": null
                },
                {
                  "id": "birthday",
                  "name": "Birthday",
                  "type": "Date",
                  "linkType": null,
                  "items": null,
                  "required": null,
                  "localized": null,
                  "validations": null
                },
                {
                  "id": "job_adds",
                  "name": "Job_adds",
                  "type": "Array",
                  "linkType": null,
                  "items": {
                    "id": null,
                    "name": null,
                    "type": "Link",
                    "linkType": "Entry",
                    "items": null,
                    "required": null,
                    "localized": null,
                    "validations": null
                  },
                  "required": null,
                  "localized": null,
                  "validations": null
                },
                {
                  "id": "profile",
                  "name": "Profile",
                  "type": "Link",
                  "linkType": "Entry",
                  "items": null,
                  "required": null,
                  "localized": null,
                  "validations": null
                }
              ],
              "sys": {
                "id": "1TVvxCqoRq0qUYAOQuOqys",
                "type": "ContentType",
                "createdAt": "2014-12-19T14:14:50.986Z",
                "createdBy": {
                  "sys": {
                    "type": "Link",
                    "linkType": "User",
                    "id": "1E7acJL8I5XUXAMHQt9Grs"
                  }
                },
                "space": {
                  "sys": {
                    "type": "Link",
                    "linkType": "Space",
                    "id": "ip17s12q0ek4"
                  }
                },
                "firstPublishedAt": "2014-12-19T14:14:52.885Z",
                "publishedCounter": 1,
                "publishedAt": "2014-12-19T14:14:52.885Z",
                "publishedBy": {
                  "sys": {
                    "type": "Link",
                    "linkType": "User",
                    "id": "1E7acJL8I5XUXAMHQt9Grs"
                  }
                },
                "publishedVersion": 2,
                "version": 3,
                "updatedAt": "2014-12-19T14:14:52.907Z",
                "updatedBy": {
                  "sys": {
                    "type": "Link",
                    "linkType": "User",
                    "id": "1E7acJL8I5XUXAMHQt9Grs"
                  }
                }
              }
            },
            {
              "displayField": "subject",
              "name": "Comment",
              "description": "",
              "fields": [
                {
                  "id": "subject",
                  "name": "Subject",
                  "type": "Text",
                  "linkType": null,
                  "items": null,
                  "required": null,
                  "localized": null,
                  "validations": null
                },
                {
                  "id": "content",
                  "name": "Content",
                  "type": "Text",
                  "linkType": null,
                  "items": null,
                  "required": null,
                  "localized": null,
                  "validations": null
                }
              ],
              "sys": {
                "id": "6H6pGAV1PUsuoAW26Iu48W",
                "type": "ContentType",
                "createdAt": "2014-12-19T14:14:37.371Z",
                "createdBy": {
                  "sys": {
                    "type": "Link",
                    "linkType": "User",
                    "id": "1E7acJL8I5XUXAMHQt9Grs"
                  }
                },
                "space": {
                  "sys": {
                    "type": "Link",
                    "linkType": "Space",
                    "id": "ip17s12q0ek4"
                  }
                },
                "firstPublishedAt": "2014-12-19T14:14:39.787Z",
                "publishedCounter": 1,
                "publishedAt": "2014-12-19T14:14:39.787Z",
                "publishedBy": {
                  "sys": {
                    "type": "Link",
                    "linkType": "User",
                    "id": "1E7acJL8I5XUXAMHQt9Grs"
                  }
                },
                "publishedVersion": 2,
                "version": 3,
                "updatedAt": "2014-12-19T14:14:39.836Z",
                "updatedBy": {
                  "sys": {
                    "type": "Link",
                    "linkType": "User",
                    "id": "1E7acJL8I5XUXAMHQt9Grs"
                  }
                }
              }
            },
            {
              "displayField": "title",
              "name": "Jobs",
              "description": "",
              "fields": [
                {
                  "id": "title",
                  "name": "Title",
                  "type": "Text",
                  "linkType": null,
                  "items": null,
                  "required": null,
                  "localized": null,
                  "validations": null
                },
                {
                  "id": "description",
                  "name": "Description",
                  "type": "Text",
                  "linkType": null,
                  "items": null,
                  "required": null,
                  "localized": null,
                  "validations": null
                },
                {
                  "id": "image",
                  "name": "Image",
                  "type": "Link",
                  "linkType": "Asset",
                  "items": null,
                  "required": null,
                  "localized": null,
                  "validations": null
                },
                {
                  "id": "creator",
                  "name": "Creator",
                  "type": "Link",
                  "linkType": "Entry",
                  "items": null,
                  "required": null,
                  "localized": null,
                  "validations": null
                },
                {
                  "id": "comments",
                  "name": "Comments",
                  "type": "Array",
                  "linkType": null,
                  "items": {
                    "id": null,
                    "name": null,
                    "type": "Link",
                    "linkType": "Entry",
                    "items": null,
                    "required": null,
                    "localized": null,
                    "validations": null
                  },
                  "required": null,
                  "localized": null,
                  "validations": null
                },
                {
                  "id": "skills",
                  "name": "Skills",
                  "type": "Array",
                  "linkType": null,
                  "items": {
                    "id": null,
                    "name": null,
                    "type": "Link",
                    "linkType": "Entry",
                    "items": null,
                    "required": null,
                    "localized": null,
                    "validations": null
                  },
                  "required": null,
                  "localized": null,
                  "validations": null
                }
              ],
              "sys": {
                "id": "4L1bg4WQ5aWQMiE82ouag",
                "type": "ContentType",
                "createdAt": "2014-12-19T14:14:44.827Z",
                "createdBy": {
                  "sys": {
                    "type": "Link",
                    "linkType": "User",
                    "id": "1E7acJL8I5XUXAMHQt9Grs"
                  }
                },
                "space": {
                  "sys": {
                    "type": "Link",
                    "linkType": "Space",
                    "id": "ip17s12q0ek4"
                  }
                },
                "firstPublishedAt": "2014-12-19T14:14:46.443Z",
                "publishedCounter": 1,
                "publishedAt": "2014-12-19T14:14:46.443Z",
                "publishedBy": {
                  "sys": {
                    "type": "Link",
                    "linkType": "User",
                    "id": "1E7acJL8I5XUXAMHQt9Grs"
                  }
                },
                "publishedVersion": 2,
                "version": 3,
                "updatedAt": "2014-12-19T14:14:46.501Z",
                "updatedBy": {
                  "sys": {
                    "type": "Link",
                    "linkType": "User",
                    "id": "1E7acJL8I5XUXAMHQt9Grs"
                  }
                }
              }
            },
            {
              "name": "Profile",
              "description": null,
              "fields": [
                {
                  "id": "nickname",
                  "name": "Nickname",
                  "type": "Text",
                  "linkType": null,
                  "required": null,
                  "items": null
                },
                {
                  "id": "user",
                  "name": "User",
                  "type": "Link",
                  "linkType": "Entry",
                  "required": null,
                  "items": null
                }
              ],
              "sys": {
                "id": "4WFZh4MwC4Mc0EQWAeOY8A",
                "type": "ContentType",
                "createdAt": "2014-12-19T14:14:48.198Z",
                "createdBy": {
                  "sys": {
                    "type": "Link",
                    "linkType": "User",
                    "id": "1E7acJL8I5XUXAMHQt9Grs"
                  }
                },
                "space": {
                  "sys": {
                    "type": "Link",
                    "linkType": "Space",
                    "id": "ip17s12q0ek4"
                  }
                },
                "firstPublishedAt": "2014-12-19T14:14:49.037Z",
                "publishedCounter": 1,
                "publishedAt": "2014-12-19T14:14:49.037Z",
                "publishedBy": {
                  "sys": {
                    "type": "Link",
                    "linkType": "User",
                    "id": "1E7acJL8I5XUXAMHQt9Grs"
                  }
                },
                "publishedVersion": 1,
                "version": 2,
                "updatedAt": "2014-12-19T14:14:49.084Z",
                "updatedBy": {
                  "sys": {
                    "type": "Link",
                    "linkType": "User",
                    "id": "1E7acJL8I5XUXAMHQt9Grs"
                  }
                }
              }
            },
            {
              "displayField": "name",
              "name": "Job Skills",
              "description": "",
              "fields": [
                {
                  "id": "name",
                  "name": "Name",
                  "type": "Text",
                  "linkType": null,
                  "items": null,
                  "required": null,
                  "localized": null,
                  "validations": null
                }
              ],
              "sys": {
                "id": "2soCP557HGKoOOK0SqmMOm",
                "type": "ContentType",
                "createdAt": "2014-12-19T14:14:41.454Z",
                "createdBy": {
                  "sys": {
                    "type": "Link",
                    "linkType": "User",
                    "id": "1E7acJL8I5XUXAMHQt9Grs"
                  }
                },
                "space": {
                  "sys": {
                    "type": "Link",
                    "linkType": "Space",
                    "id": "ip17s12q0ek4"
                  }
                },
                "firstPublishedAt": "2014-12-19T14:14:43.043Z",
                "publishedCounter": 1,
                "publishedAt": "2014-12-19T14:14:43.043Z",
                "publishedBy": {
                  "sys": {
                    "type": "Link",
                    "linkType": "User",
                    "id": "1E7acJL8I5XUXAMHQt9Grs"
                  }
                },
                "publishedVersion": 2,
                "version": 3,
                "updatedAt": "2014-12-19T14:14:43.085Z",
                "updatedBy": {
                  "sys": {
                    "type": "Link",
                    "linkType": "User",
                    "id": "1E7acJL8I5XUXAMHQt9Grs"
                  }
                }
              }
            }
          ]
        }
    http_version: 
  recorded_at: Sun, 04 Jan 2015 19:11:17 GMT
- request:
    method: put
    uri: https://api.contentful.com/spaces/ip17s12q0ek4/assets/image_4
    body:
      encoding: UTF-8
      string: '{"fields":{"title":{"en-US":"Ruby"},"description":{"en-US":""},"file":{"en-US":{"contentType":"image/png","fileName":"Ruby","upload":"http://factormedia.com/wp-content/uploads/2012/04/ruby-on-rails_internship.png"}}}}'
    headers:
      User-Agent:
      - RubyContentfulManagementGem/0.5.0
      Authorization:
      - Bearer <ACCESS_TOKEN>
      Content-Type:
      - application/vnd.contentful.management.v1+json
      Host:
      - api.contentful.com
  response:
    status:
      code: 201
      message: Created
    headers:
      Access-Control-Allow-Headers:
      - Accept,Accept-Language,Authorization,Cache-Control,Content-Length,Content-Range,Content-Type,DNT,Destination,Expires,If-Match,If-Modified-Since,If-None-Match,Keep-Alive,Last-Modified,Origin,Pragma,Range,User-Agent,X-Http-Method-Override,X-Mx-ReqToken,X-Requested-With,X-Contentful-Version,X-Contentful-Content-Type,X-Contentful-Organization,X-Contentful-Skip-Transformation
      Access-Control-Allow-Methods:
      - DELETE,GET,HEAD,POST,PUT,OPTIONS
      Access-Control-Allow-Origin:
      - "*"
      Access-Control-Expose-Headers:
      - Etag
      Access-Control-Max-Age:
      - '1728000'
      Cf-Space-Id:
      - ip17s12q0ek4
      Content-Type:
      - application/vnd.contentful.management.v1+json
      Date:
      - Sun, 04 Jan 2015 19:11:18 GMT
      Etag:
      - '"a31053d443dcd40a06ac16627796503a"'
      Server:
      - nginx
      X-Powered-By:
      - Express
      Content-Length:
      - '892'
      Connection:
      - keep-alive
    body:
      encoding: UTF-8
      string: |
        {
          "fields": {
            "title": {
              "en-US": "Ruby"
            },
            "description": {
              "en-US": ""
            },
            "file": {
              "en-US": {
                "contentType": "image/png",
                "fileName": "Ruby",
                "upload": "http://factormedia.com/wp-content/uploads/2012/04/ruby-on-rails_internship.png"
              }
            }
          },
          "sys": {
            "id": "image_4",
            "type": "Asset",
            "version": 1,
            "createdAt": "2015-01-04T19:11:18.399Z",
            "createdBy": {
              "sys": {
                "type": "Link",
                "linkType": "User",
                "id": "1E7acJL8I5XUXAMHQt9Grs"
              }
            },
            "space": {
              "sys": {
                "type": "Link",
                "linkType": "Space",
                "id": "ip17s12q0ek4"
              }
            },
            "updatedAt": "2015-01-04T19:11:18.399Z",
            "updatedBy": {
              "sys": {
                "type": "Link",
                "linkType": "User",
                "id": "1E7acJL8I5XUXAMHQt9Grs"
              }
            }
          }
        }
    http_version: 
  recorded_at: Sun, 04 Jan 2015 19:11:18 GMT
- request:
    method: put
    uri: https://api.contentful.com/spaces/ip17s12q0ek4/assets/image_4/files/en-US/process
    body:
      encoding: US-ASCII
      string: ''
    headers:
      User-Agent:
      - RubyContentfulManagementGem/0.5.0
      Authorization:
      - Bearer <ACCESS_TOKEN>
      Content-Type:
      - application/vnd.contentful.management.v1+json
      X-Contentful-Version:
      - '1'
      Content-Length:
      - '0'
      Host:
      - api.contentful.com
  response:
    status:
      code: 204
      message: No Content
    headers:
      Access-Control-Allow-Headers:
      - Accept,Accept-Language,Authorization,Cache-Control,Content-Length,Content-Range,Content-Type,DNT,Destination,Expires,If-Match,If-Modified-Since,If-None-Match,Keep-Alive,Last-Modified,Origin,Pragma,Range,User-Agent,X-Http-Method-Override,X-Mx-ReqToken,X-Requested-With,X-Contentful-Version,X-Contentful-Content-Type,X-Contentful-Organization,X-Contentful-Skip-Transformation
      Access-Control-Allow-Methods:
      - DELETE,GET,HEAD,POST,PUT,OPTIONS
      Access-Control-Allow-Origin:
      - "*"
      Access-Control-Expose-Headers:
      - Etag
      Access-Control-Max-Age:
      - '1728000'
      Cf-Space-Id:
      - ip17s12q0ek4
      Content-Type:
      - application/vnd.contentful.management.v1+json
      Date:
      - Sun, 04 Jan 2015 19:11:19 GMT
      Server:
      - nginx
      X-Powered-By:
      - Express
      Connection:
      - keep-alive
    body:
      encoding: UTF-8
      string: ''
    http_version: 
  recorded_at: Sun, 04 Jan 2015 19:11:19 GMT
recorded_with: VCR 2.9.3
